// Jest Snapshot v1, https://goo.gl/fbAQLP

exports[`Test Income Summary Component...  Snapshot of component 1`] = `
<div
  className="container"
>
  <h3 />
  <hr />
  <h4 />
  <h5 />
  <h4 />
  <h5
    className="lastElement"
  />
</div>
`;

exports[`Test Income Summary Component...  Snapshot of component 2`] = `
<div
  className="container"
>
  <h3 />
  <hr />
  <h4 />
  <h5 />
  <h4 />
  <h5
    className="lastElement"
  />
</div>
`;
