// Jest Snapshot v1, https://goo.gl/fbAQLP

exports[`Test the Input component  Input Matches Snapshot 1`] = `
<input
  name=""
  placeholder="No Label"
  type="text"
/>
`;

exports[`Test the Input component  Input Matches Snapshot 2`] = `
<input
  name=""
  placeholder="No Label"
  type="text"
/>
`;
